[WARN] 2025-10-13 09:53:28.079 +0800 o.s.c.k.c.p.AbstractKubernetesProfileEnvironmentPostProcessor:[258] - Not running inside kubernetes. Skipping 'kubernetes' profile activation.
[WARN] 2025-10-13 09:53:29.579 +0800 o.s.c.k.c.p.AbstractKubernetesProfileEnvironmentPostProcessor:[258] - Not running inside kubernetes. Skipping 'kubernetes' profile activation.
[INFO] 2025-10-13 09:53:29.580 +0800 o.a.d.StandaloneServer:[640] - The following 1 profile is active: "h2"
[WARN] 2025-10-13 09:53:30.293 +0800 o.s.b.w.s.c.AnnotationConfigServletWebServerApplicationContext:[591] - Exception encountered during context initialization - cancelling refresh attempt: org.springframework.beans.factory.BeanDefinitionStoreException: Failed to parse configuration class [org.apache.dolphinscheduler.StandaloneServer]; nested exception is java.lang.IllegalStateException: java.io.FileNotFoundException: class path resource [dynamic-task-type-config.yaml] cannot be opened because it does not exist
[INFO] 2025-10-13 09:53:30.298 +0800 o.s.b.a.l.ConditionEvaluationReportLoggingListener:[136] - 

Error starting ApplicationContext. To display the conditions report re-run your application with 'debug' enabled.
[ERROR] 2025-10-13 09:53:30.328 +0800 o.s.b.SpringApplication:[824] - Application run failed
org.springframework.beans.factory.BeanDefinitionStoreException: Failed to parse configuration class [org.apache.dolphinscheduler.StandaloneServer]; nested exception is java.lang.IllegalStateException: java.io.FileNotFoundException: class path resource [dynamic-task-type-config.yaml] cannot be opened because it does not exist
	at org.springframework.context.annotation.ConfigurationClassParser.parse(ConfigurationClassParser.java:189)
	at org.springframework.context.annotation.ConfigurationClassPostProcessor.processConfigBeanDefinitions(ConfigurationClassPostProcessor.java:331)
	at org.springframework.context.annotation.ConfigurationClassPostProcessor.postProcessBeanDefinitionRegistry(ConfigurationClassPostProcessor.java:247)
	at org.springframework.context.support.PostProcessorRegistrationDelegate.invokeBeanDefinitionRegistryPostProcessors(PostProcessorRegistrationDelegate.java:311)
	at org.springframework.context.support.PostProcessorRegistrationDelegate.invokeBeanFactoryPostProcessors(PostProcessorRegistrationDelegate.java:112)
	at org.springframework.context.support.AbstractApplicationContext.invokeBeanFactoryPostProcessors(AbstractApplicationContext.java:746)
	at org.springframework.context.support.AbstractApplicationContext.refresh(AbstractApplicationContext.java:564)
	at org.springframework.boot.web.servlet.context.ServletWebServerApplicationContext.refresh(ServletWebServerApplicationContext.java:147)
	at org.springframework.boot.SpringApplication.refresh(SpringApplication.java:734)
	at org.springframework.boot.SpringApplication.refreshContext(SpringApplication.java:408)
	at org.springframework.boot.SpringApplication.run(SpringApplication.java:308)
	at org.springframework.boot.SpringApplication.run(SpringApplication.java:1306)
	at org.springframework.boot.SpringApplication.run(SpringApplication.java:1295)
	at org.apache.dolphinscheduler.StandaloneServer.main(StandaloneServer.java:37)
	at org.codehaus.mojo.exec.ExecJavaMojo$1.run(ExecJavaMojo.java:254)
	at java.base/java.lang.Thread.run(Thread.java:829)
Caused by: java.lang.IllegalStateException: java.io.FileNotFoundException: class path resource [dynamic-task-type-config.yaml] cannot be opened because it does not exist
	at org.springframework.beans.factory.config.YamlProcessor.handleProcessError(YamlProcessor.java:221)
	at org.springframework.beans.factory.config.YamlProcessor.process(YamlProcessor.java:213)
	at org.springframework.beans.factory.config.YamlProcessor.process(YamlProcessor.java:166)
	at org.springframework.beans.factory.config.YamlPropertiesFactoryBean.createProperties(YamlPropertiesFactoryBean.java:135)
	at org.springframework.beans.factory.config.YamlPropertiesFactoryBean.afterPropertiesSet(YamlPropertiesFactoryBean.java:108)
	at org.apache.dolphinscheduler.common.config.YamlPropertySourceFactory.loadYamlIntoProperties(YamlPropertySourceFactory.java:41)
	at org.apache.dolphinscheduler.common.config.YamlPropertySourceFactory.createPropertySource(YamlPropertySourceFactory.java:33)
	at org.springframework.context.annotation.ConfigurationClassParser.processPropertySource(ConfigurationClassParser.java:463)
	at org.springframework.context.annotation.ConfigurationClassParser.doProcessConfigurationClass(ConfigurationClassParser.java:280)
	at org.springframework.context.annotation.ConfigurationClassParser.processConfigurationClass(ConfigurationClassParser.java:250)
	at org.springframework.context.annotation.ConfigurationClassParser.parse(ConfigurationClassParser.java:199)
	at org.springframework.context.annotation.ConfigurationClassParser.doProcessConfigurationClass(ConfigurationClassParser.java:304)
	at org.springframework.context.annotation.ConfigurationClassParser.processConfigurationClass(ConfigurationClassParser.java:250)
	at org.springframework.context.annotation.ConfigurationClassParser.parse(ConfigurationClassParser.java:207)
	at org.springframework.context.annotation.ConfigurationClassParser.parse(ConfigurationClassParser.java:175)
	... 15 common frames omitted
Caused by: java.io.FileNotFoundException: class path resource [dynamic-task-type-config.yaml] cannot be opened because it does not exist
	at org.springframework.core.io.ClassPathResource.getInputStream(ClassPathResource.java:199)
	at org.springframework.beans.factory.config.YamlProcessor.process(YamlProcessor.java:197)
	... 28 common frames omitted
[ERROR] 2025-10-13 09:53:30.328 +0800 o.a.d.StandaloneServer:[39] - StandaloneServer start failed
org.springframework.beans.factory.BeanDefinitionStoreException: Failed to parse configuration class [org.apache.dolphinscheduler.StandaloneServer]; nested exception is java.lang.IllegalStateException: java.io.FileNotFoundException: class path resource [dynamic-task-type-config.yaml] cannot be opened because it does not exist
	at org.springframework.context.annotation.ConfigurationClassParser.parse(ConfigurationClassParser.java:189)
	at org.springframework.context.annotation.ConfigurationClassPostProcessor.processConfigBeanDefinitions(ConfigurationClassPostProcessor.java:331)
	at org.springframework.context.annotation.ConfigurationClassPostProcessor.postProcessBeanDefinitionRegistry(ConfigurationClassPostProcessor.java:247)
	at org.springframework.context.support.PostProcessorRegistrationDelegate.invokeBeanDefinitionRegistryPostProcessors(PostProcessorRegistrationDelegate.java:311)
	at org.springframework.context.support.PostProcessorRegistrationDelegate.invokeBeanFactoryPostProcessors(PostProcessorRegistrationDelegate.java:112)
	at org.springframework.context.support.AbstractApplicationContext.invokeBeanFactoryPostProcessors(AbstractApplicationContext.java:746)
	at org.springframework.context.support.AbstractApplicationContext.refresh(AbstractApplicationContext.java:564)
	at org.springframework.boot.web.servlet.context.ServletWebServerApplicationContext.refresh(ServletWebServerApplicationContext.java:147)
	at org.springframework.boot.SpringApplication.refresh(SpringApplication.java:734)
	at org.springframework.boot.SpringApplication.refreshContext(SpringApplication.java:408)
	at org.springframework.boot.SpringApplication.run(SpringApplication.java:308)
	at org.springframework.boot.SpringApplication.run(SpringApplication.java:1306)
	at org.springframework.boot.SpringApplication.run(SpringApplication.java:1295)
	at org.apache.dolphinscheduler.StandaloneServer.main(StandaloneServer.java:37)
	at org.codehaus.mojo.exec.ExecJavaMojo$1.run(ExecJavaMojo.java:254)
	at java.base/java.lang.Thread.run(Thread.java:829)
Caused by: java.lang.IllegalStateException: java.io.FileNotFoundException: class path resource [dynamic-task-type-config.yaml] cannot be opened because it does not exist
	at org.springframework.beans.factory.config.YamlProcessor.handleProcessError(YamlProcessor.java:221)
	at org.springframework.beans.factory.config.YamlProcessor.process(YamlProcessor.java:213)
	at org.springframework.beans.factory.config.YamlProcessor.process(YamlProcessor.java:166)
	at org.springframework.beans.factory.config.YamlPropertiesFactoryBean.createProperties(YamlPropertiesFactoryBean.java:135)
	at org.springframework.beans.factory.config.YamlPropertiesFactoryBean.afterPropertiesSet(YamlPropertiesFactoryBean.java:108)
	at org.apache.dolphinscheduler.common.config.YamlPropertySourceFactory.loadYamlIntoProperties(YamlPropertySourceFactory.java:41)
	at org.apache.dolphinscheduler.common.config.YamlPropertySourceFactory.createPropertySource(YamlPropertySourceFactory.java:33)
	at org.springframework.context.annotation.ConfigurationClassParser.processPropertySource(ConfigurationClassParser.java:463)
	at org.springframework.context.annotation.ConfigurationClassParser.doProcessConfigurationClass(ConfigurationClassParser.java:280)
	at org.springframework.context.annotation.ConfigurationClassParser.processConfigurationClass(ConfigurationClassParser.java:250)
	at org.springframework.context.annotation.ConfigurationClassParser.parse(ConfigurationClassParser.java:199)
	at org.springframework.context.annotation.ConfigurationClassParser.doProcessConfigurationClass(ConfigurationClassParser.java:304)
	at org.springframework.context.annotation.ConfigurationClassParser.processConfigurationClass(ConfigurationClassParser.java:250)
	at org.springframework.context.annotation.ConfigurationClassParser.parse(ConfigurationClassParser.java:207)
	at org.springframework.context.annotation.ConfigurationClassParser.parse(ConfigurationClassParser.java:175)
	... 15 common frames omitted
Caused by: java.io.FileNotFoundException: class path resource [dynamic-task-type-config.yaml] cannot be opened because it does not exist
	at org.springframework.core.io.ClassPathResource.getInputStream(ClassPathResource.java:199)
	at org.springframework.beans.factory.config.YamlProcessor.process(YamlProcessor.java:197)
	... 28 common frames omitted
[WARN] 2025-10-13 09:54:03.443 +0800 o.s.c.k.c.p.AbstractKubernetesProfileEnvironmentPostProcessor:[258] - Not running inside kubernetes. Skipping 'kubernetes' profile activation.
[WARN] 2025-10-13 09:54:04.796 +0800 o.s.c.k.c.p.AbstractKubernetesProfileEnvironmentPostProcessor:[258] - Not running inside kubernetes. Skipping 'kubernetes' profile activation.
[INFO] 2025-10-13 09:54:04.796 +0800 o.a.d.StandaloneServer:[640] - The following 1 profile is active: "h2"
[WARN] 2025-10-13 09:54:05.489 +0800 o.s.b.w.s.c.AnnotationConfigServletWebServerApplicationContext:[591] - Exception encountered during context initialization - cancelling refresh attempt: org.springframework.beans.factory.BeanDefinitionStoreException: Failed to parse configuration class [org.apache.dolphinscheduler.StandaloneServer]; nested exception is java.lang.IllegalStateException: java.io.FileNotFoundException: class path resource [dynamic-task-type-config.yaml] cannot be opened because it does not exist
[INFO] 2025-10-13 09:54:05.494 +0800 o.s.b.a.l.ConditionEvaluationReportLoggingListener:[136] - 

Error starting ApplicationContext. To display the conditions report re-run your application with 'debug' enabled.
[ERROR] 2025-10-13 09:54:05.533 +0800 o.s.b.SpringApplication:[824] - Application run failed
org.springframework.beans.factory.BeanDefinitionStoreException: Failed to parse configuration class [org.apache.dolphinscheduler.StandaloneServer]; nested exception is java.lang.IllegalStateException: java.io.FileNotFoundException: class path resource [dynamic-task-type-config.yaml] cannot be opened because it does not exist
	at org.springframework.context.annotation.ConfigurationClassParser.parse(ConfigurationClassParser.java:189)
	at org.springframework.context.annotation.ConfigurationClassPostProcessor.processConfigBeanDefinitions(ConfigurationClassPostProcessor.java:331)
	at org.springframework.context.annotation.ConfigurationClassPostProcessor.postProcessBeanDefinitionRegistry(ConfigurationClassPostProcessor.java:247)
	at org.springframework.context.support.PostProcessorRegistrationDelegate.invokeBeanDefinitionRegistryPostProcessors(PostProcessorRegistrationDelegate.java:311)
	at org.springframework.context.support.PostProcessorRegistrationDelegate.invokeBeanFactoryPostProcessors(PostProcessorRegistrationDelegate.java:112)
	at org.springframework.context.support.AbstractApplicationContext.invokeBeanFactoryPostProcessors(AbstractApplicationContext.java:746)
	at org.springframework.context.support.AbstractApplicationContext.refresh(AbstractApplicationContext.java:564)
	at org.springframework.boot.web.servlet.context.ServletWebServerApplicationContext.refresh(ServletWebServerApplicationContext.java:147)
	at org.springframework.boot.SpringApplication.refresh(SpringApplication.java:734)
	at org.springframework.boot.SpringApplication.refreshContext(SpringApplication.java:408)
	at org.springframework.boot.SpringApplication.run(SpringApplication.java:308)
	at org.springframework.boot.SpringApplication.run(SpringApplication.java:1306)
	at org.springframework.boot.SpringApplication.run(SpringApplication.java:1295)
	at org.apache.dolphinscheduler.StandaloneServer.main(StandaloneServer.java:37)
	at org.codehaus.mojo.exec.ExecJavaMojo$1.run(ExecJavaMojo.java:254)
	at java.base/java.lang.Thread.run(Thread.java:829)
Caused by: java.lang.IllegalStateException: java.io.FileNotFoundException: class path resource [dynamic-task-type-config.yaml] cannot be opened because it does not exist
	at org.springframework.beans.factory.config.YamlProcessor.handleProcessError(YamlProcessor.java:221)
	at org.springframework.beans.factory.config.YamlProcessor.process(YamlProcessor.java:213)
	at org.springframework.beans.factory.config.YamlProcessor.process(YamlProcessor.java:166)
	at org.springframework.beans.factory.config.YamlPropertiesFactoryBean.createProperties(YamlPropertiesFactoryBean.java:135)
	at org.springframework.beans.factory.config.YamlPropertiesFactoryBean.afterPropertiesSet(YamlPropertiesFactoryBean.java:108)
	at org.apache.dolphinscheduler.common.config.YamlPropertySourceFactory.loadYamlIntoProperties(YamlPropertySourceFactory.java:41)
	at org.apache.dolphinscheduler.common.config.YamlPropertySourceFactory.createPropertySource(YamlPropertySourceFactory.java:33)
	at org.springframework.context.annotation.ConfigurationClassParser.processPropertySource(ConfigurationClassParser.java:463)
	at org.springframework.context.annotation.ConfigurationClassParser.doProcessConfigurationClass(ConfigurationClassParser.java:280)
	at org.springframework.context.annotation.ConfigurationClassParser.processConfigurationClass(ConfigurationClassParser.java:250)
	at org.springframework.context.annotation.ConfigurationClassParser.parse(ConfigurationClassParser.java:199)
	at org.springframework.context.annotation.ConfigurationClassParser.doProcessConfigurationClass(ConfigurationClassParser.java:304)
	at org.springframework.context.annotation.ConfigurationClassParser.processConfigurationClass(ConfigurationClassParser.java:250)
	at org.springframework.context.annotation.ConfigurationClassParser.parse(ConfigurationClassParser.java:207)
	at org.springframework.context.annotation.ConfigurationClassParser.parse(ConfigurationClassParser.java:175)
	... 15 common frames omitted
Caused by: java.io.FileNotFoundException: class path resource [dynamic-task-type-config.yaml] cannot be opened because it does not exist
	at org.springframework.core.io.ClassPathResource.getInputStream(ClassPathResource.java:199)
	at org.springframework.beans.factory.config.YamlProcessor.process(YamlProcessor.java:197)
	... 28 common frames omitted
[ERROR] 2025-10-13 09:54:05.534 +0800 o.a.d.StandaloneServer:[39] - StandaloneServer start failed
org.springframework.beans.factory.BeanDefinitionStoreException: Failed to parse configuration class [org.apache.dolphinscheduler.StandaloneServer]; nested exception is java.lang.IllegalStateException: java.io.FileNotFoundException: class path resource [dynamic-task-type-config.yaml] cannot be opened because it does not exist
	at org.springframework.context.annotation.ConfigurationClassParser.parse(ConfigurationClassParser.java:189)
	at org.springframework.context.annotation.ConfigurationClassPostProcessor.processConfigBeanDefinitions(ConfigurationClassPostProcessor.java:331)
	at org.springframework.context.annotation.ConfigurationClassPostProcessor.postProcessBeanDefinitionRegistry(ConfigurationClassPostProcessor.java:247)
	at org.springframework.context.support.PostProcessorRegistrationDelegate.invokeBeanDefinitionRegistryPostProcessors(PostProcessorRegistrationDelegate.java:311)
	at org.springframework.context.support.PostProcessorRegistrationDelegate.invokeBeanFactoryPostProcessors(PostProcessorRegistrationDelegate.java:112)
	at org.springframework.context.support.AbstractApplicationContext.invokeBeanFactoryPostProcessors(AbstractApplicationContext.java:746)
	at org.springframework.context.support.AbstractApplicationContext.refresh(AbstractApplicationContext.java:564)
	at org.springframework.boot.web.servlet.context.ServletWebServerApplicationContext.refresh(ServletWebServerApplicationContext.java:147)
	at org.springframework.boot.SpringApplication.refresh(SpringApplication.java:734)
	at org.springframework.boot.SpringApplication.refreshContext(SpringApplication.java:408)
	at org.springframework.boot.SpringApplication.run(SpringApplication.java:308)
	at org.springframework.boot.SpringApplication.run(SpringApplication.java:1306)
	at org.springframework.boot.SpringApplication.run(SpringApplication.java:1295)
	at org.apache.dolphinscheduler.StandaloneServer.main(StandaloneServer.java:37)
	at org.codehaus.mojo.exec.ExecJavaMojo$1.run(ExecJavaMojo.java:254)
	at java.base/java.lang.Thread.run(Thread.java:829)
Caused by: java.lang.IllegalStateException: java.io.FileNotFoundException: class path resource [dynamic-task-type-config.yaml] cannot be opened because it does not exist
	at org.springframework.beans.factory.config.YamlProcessor.handleProcessError(YamlProcessor.java:221)
	at org.springframework.beans.factory.config.YamlProcessor.process(YamlProcessor.java:213)
	at org.springframework.beans.factory.config.YamlProcessor.process(YamlProcessor.java:166)
	at org.springframework.beans.factory.config.YamlPropertiesFactoryBean.createProperties(YamlPropertiesFactoryBean.java:135)
	at org.springframework.beans.factory.config.YamlPropertiesFactoryBean.afterPropertiesSet(YamlPropertiesFactoryBean.java:108)
	at org.apache.dolphinscheduler.common.config.YamlPropertySourceFactory.loadYamlIntoProperties(YamlPropertySourceFactory.java:41)
	at org.apache.dolphinscheduler.common.config.YamlPropertySourceFactory.createPropertySource(YamlPropertySourceFactory.java:33)
	at org.springframework.context.annotation.ConfigurationClassParser.processPropertySource(ConfigurationClassParser.java:463)
	at org.springframework.context.annotation.ConfigurationClassParser.doProcessConfigurationClass(ConfigurationClassParser.java:280)
	at org.springframework.context.annotation.ConfigurationClassParser.processConfigurationClass(ConfigurationClassParser.java:250)
	at org.springframework.context.annotation.ConfigurationClassParser.parse(ConfigurationClassParser.java:199)
	at org.springframework.context.annotation.ConfigurationClassParser.doProcessConfigurationClass(ConfigurationClassParser.java:304)
	at org.springframework.context.annotation.ConfigurationClassParser.processConfigurationClass(ConfigurationClassParser.java:250)
	at org.springframework.context.annotation.ConfigurationClassParser.parse(ConfigurationClassParser.java:207)
	at org.springframework.context.annotation.ConfigurationClassParser.parse(ConfigurationClassParser.java:175)
	... 15 common frames omitted
Caused by: java.io.FileNotFoundException: class path resource [dynamic-task-type-config.yaml] cannot be opened because it does not exist
	at org.springframework.core.io.ClassPathResource.getInputStream(ClassPathResource.java:199)
	at org.springframework.beans.factory.config.YamlProcessor.process(YamlProcessor.java:197)
	... 28 common frames omitted
[WARN] 2025-10-13 09:57:34.120 +0800 o.s.c.k.c.p.AbstractKubernetesProfileEnvironmentPostProcessor:[258] - Not running inside kubernetes. Skipping 'kubernetes' profile activation.
[WARN] 2025-10-13 09:57:35.438 +0800 o.s.c.k.c.p.AbstractKubernetesProfileEnvironmentPostProcessor:[258] - Not running inside kubernetes. Skipping 'kubernetes' profile activation.
[INFO] 2025-10-13 09:57:35.438 +0800 o.a.d.StandaloneServer:[640] - The following 1 profile is active: "h2"
[WARN] 2025-10-13 09:57:36.174 +0800 o.s.b.w.s.c.AnnotationConfigServletWebServerApplicationContext:[591] - Exception encountered during context initialization - cancelling refresh attempt: org.springframework.beans.factory.BeanDefinitionStoreException: Failed to parse configuration class [org.apache.dolphinscheduler.StandaloneServer]; nested exception is java.lang.IllegalStateException: java.io.FileNotFoundException: class path resource [dynamic-task-type-config.yaml] cannot be opened because it does not exist
[INFO] 2025-10-13 09:57:36.180 +0800 o.s.b.a.l.ConditionEvaluationReportLoggingListener:[136] - 

Error starting ApplicationContext. To display the conditions report re-run your application with 'debug' enabled.
[ERROR] 2025-10-13 09:57:36.211 +0800 o.s.b.SpringApplication:[824] - Application run failed
org.springframework.beans.factory.BeanDefinitionStoreException: Failed to parse configuration class [org.apache.dolphinscheduler.StandaloneServer]; nested exception is java.lang.IllegalStateException: java.io.FileNotFoundException: class path resource [dynamic-task-type-config.yaml] cannot be opened because it does not exist
	at org.springframework.context.annotation.ConfigurationClassParser.parse(ConfigurationClassParser.java:189)
	at org.springframework.context.annotation.ConfigurationClassPostProcessor.processConfigBeanDefinitions(ConfigurationClassPostProcessor.java:331)
	at org.springframework.context.annotation.ConfigurationClassPostProcessor.postProcessBeanDefinitionRegistry(ConfigurationClassPostProcessor.java:247)
	at org.springframework.context.support.PostProcessorRegistrationDelegate.invokeBeanDefinitionRegistryPostProcessors(PostProcessorRegistrationDelegate.java:311)
	at org.springframework.context.support.PostProcessorRegistrationDelegate.invokeBeanFactoryPostProcessors(PostProcessorRegistrationDelegate.java:112)
	at org.springframework.context.support.AbstractApplicationContext.invokeBeanFactoryPostProcessors(AbstractApplicationContext.java:746)
	at org.springframework.context.support.AbstractApplicationContext.refresh(AbstractApplicationContext.java:564)
	at org.springframework.boot.web.servlet.context.ServletWebServerApplicationContext.refresh(ServletWebServerApplicationContext.java:147)
	at org.springframework.boot.SpringApplication.refresh(SpringApplication.java:734)
	at org.springframework.boot.SpringApplication.refreshContext(SpringApplication.java:408)
	at org.springframework.boot.SpringApplication.run(SpringApplication.java:308)
	at org.springframework.boot.SpringApplication.run(SpringApplication.java:1306)
	at org.springframework.boot.SpringApplication.run(SpringApplication.java:1295)
	at org.apache.dolphinscheduler.StandaloneServer.main(StandaloneServer.java:37)
	at org.codehaus.mojo.exec.ExecJavaMojo$1.run(ExecJavaMojo.java:254)
	at java.base/java.lang.Thread.run(Thread.java:829)
Caused by: java.lang.IllegalStateException: java.io.FileNotFoundException: class path resource [dynamic-task-type-config.yaml] cannot be opened because it does not exist
	at org.springframework.beans.factory.config.YamlProcessor.handleProcessError(YamlProcessor.java:221)
	at org.springframework.beans.factory.config.YamlProcessor.process(YamlProcessor.java:213)
	at org.springframework.beans.factory.config.YamlProcessor.process(YamlProcessor.java:166)
	at org.springframework.beans.factory.config.YamlPropertiesFactoryBean.createProperties(YamlPropertiesFactoryBean.java:135)
	at org.springframework.beans.factory.config.YamlPropertiesFactoryBean.afterPropertiesSet(YamlPropertiesFactoryBean.java:108)
	at org.apache.dolphinscheduler.common.config.YamlPropertySourceFactory.loadYamlIntoProperties(YamlPropertySourceFactory.java:41)
	at org.apache.dolphinscheduler.common.config.YamlPropertySourceFactory.createPropertySource(YamlPropertySourceFactory.java:33)
	at org.springframework.context.annotation.ConfigurationClassParser.processPropertySource(ConfigurationClassParser.java:463)
	at org.springframework.context.annotation.ConfigurationClassParser.doProcessConfigurationClass(ConfigurationClassParser.java:280)
	at org.springframework.context.annotation.ConfigurationClassParser.processConfigurationClass(ConfigurationClassParser.java:250)
	at org.springframework.context.annotation.ConfigurationClassParser.parse(ConfigurationClassParser.java:199)
	at org.springframework.context.annotation.ConfigurationClassParser.doProcessConfigurationClass(ConfigurationClassParser.java:304)
	at org.springframework.context.annotation.ConfigurationClassParser.processConfigurationClass(ConfigurationClassParser.java:250)
	at org.springframework.context.annotation.ConfigurationClassParser.parse(ConfigurationClassParser.java:207)
	at org.springframework.context.annotation.ConfigurationClassParser.parse(ConfigurationClassParser.java:175)
	... 15 common frames omitted
Caused by: java.io.FileNotFoundException: class path resource [dynamic-task-type-config.yaml] cannot be opened because it does not exist
	at org.springframework.core.io.ClassPathResource.getInputStream(ClassPathResource.java:199)
	at org.springframework.beans.factory.config.YamlProcessor.process(YamlProcessor.java:197)
	... 28 common frames omitted
[ERROR] 2025-10-13 09:57:36.212 +0800 o.a.d.StandaloneServer:[39] - StandaloneServer start failed
org.springframework.beans.factory.BeanDefinitionStoreException: Failed to parse configuration class [org.apache.dolphinscheduler.StandaloneServer]; nested exception is java.lang.IllegalStateException: java.io.FileNotFoundException: class path resource [dynamic-task-type-config.yaml] cannot be opened because it does not exist
	at org.springframework.context.annotation.ConfigurationClassParser.parse(ConfigurationClassParser.java:189)
	at org.springframework.context.annotation.ConfigurationClassPostProcessor.processConfigBeanDefinitions(ConfigurationClassPostProcessor.java:331)
	at org.springframework.context.annotation.ConfigurationClassPostProcessor.postProcessBeanDefinitionRegistry(ConfigurationClassPostProcessor.java:247)
	at org.springframework.context.support.PostProcessorRegistrationDelegate.invokeBeanDefinitionRegistryPostProcessors(PostProcessorRegistrationDelegate.java:311)
	at org.springframework.context.support.PostProcessorRegistrationDelegate.invokeBeanFactoryPostProcessors(PostProcessorRegistrationDelegate.java:112)
	at org.springframework.context.support.AbstractApplicationContext.invokeBeanFactoryPostProcessors(AbstractApplicationContext.java:746)
	at org.springframework.context.support.AbstractApplicationContext.refresh(AbstractApplicationContext.java:564)
	at org.springframework.boot.web.servlet.context.ServletWebServerApplicationContext.refresh(ServletWebServerApplicationContext.java:147)
	at org.springframework.boot.SpringApplication.refresh(SpringApplication.java:734)
	at org.springframework.boot.SpringApplication.refreshContext(SpringApplication.java:408)
	at org.springframework.boot.SpringApplication.run(SpringApplication.java:308)
	at org.springframework.boot.SpringApplication.run(SpringApplication.java:1306)
	at org.springframework.boot.SpringApplication.run(SpringApplication.java:1295)
	at org.apache.dolphinscheduler.StandaloneServer.main(StandaloneServer.java:37)
	at org.codehaus.mojo.exec.ExecJavaMojo$1.run(ExecJavaMojo.java:254)
	at java.base/java.lang.Thread.run(Thread.java:829)
Caused by: java.lang.IllegalStateException: java.io.FileNotFoundException: class path resource [dynamic-task-type-config.yaml] cannot be opened because it does not exist
	at org.springframework.beans.factory.config.YamlProcessor.handleProcessError(YamlProcessor.java:221)
	at org.springframework.beans.factory.config.YamlProcessor.process(YamlProcessor.java:213)
	at org.springframework.beans.factory.config.YamlProcessor.process(YamlProcessor.java:166)
	at org.springframework.beans.factory.config.YamlPropertiesFactoryBean.createProperties(YamlPropertiesFactoryBean.java:135)
	at org.springframework.beans.factory.config.YamlPropertiesFactoryBean.afterPropertiesSet(YamlPropertiesFactoryBean.java:108)
	at org.apache.dolphinscheduler.common.config.YamlPropertySourceFactory.loadYamlIntoProperties(YamlPropertySourceFactory.java:41)
	at org.apache.dolphinscheduler.common.config.YamlPropertySourceFactory.createPropertySource(YamlPropertySourceFactory.java:33)
	at org.springframework.context.annotation.ConfigurationClassParser.processPropertySource(ConfigurationClassParser.java:463)
	at org.springframework.context.annotation.ConfigurationClassParser.doProcessConfigurationClass(ConfigurationClassParser.java:280)
	at org.springframework.context.annotation.ConfigurationClassParser.processConfigurationClass(ConfigurationClassParser.java:250)
	at org.springframework.context.annotation.ConfigurationClassParser.parse(ConfigurationClassParser.java:199)
	at org.springframework.context.annotation.ConfigurationClassParser.doProcessConfigurationClass(ConfigurationClassParser.java:304)
	at org.springframework.context.annotation.ConfigurationClassParser.processConfigurationClass(ConfigurationClassParser.java:250)
	at org.springframework.context.annotation.ConfigurationClassParser.parse(ConfigurationClassParser.java:207)
	at org.springframework.context.annotation.ConfigurationClassParser.parse(ConfigurationClassParser.java:175)
	... 15 common frames omitted
Caused by: java.io.FileNotFoundException: class path resource [dynamic-task-type-config.yaml] cannot be opened because it does not exist
	at org.springframework.core.io.ClassPathResource.getInputStream(ClassPathResource.java:199)
	at org.springframework.beans.factory.config.YamlProcessor.process(YamlProcessor.java:197)
	... 28 common frames omitted
[WARN] 2025-10-13 09:59:16.356 +0800 o.s.c.k.c.p.AbstractKubernetesProfileEnvironmentPostProcessor:[258] - Not running inside kubernetes. Skipping 'kubernetes' profile activation.
[WARN] 2025-10-13 09:59:17.861 +0800 o.s.c.k.c.p.AbstractKubernetesProfileEnvironmentPostProcessor:[258] - Not running inside kubernetes. Skipping 'kubernetes' profile activation.
[INFO] 2025-10-13 09:59:17.862 +0800 o.a.d.StandaloneServer:[640] - The following 1 profile is active: "h2"
[WARN] 2025-10-13 09:59:18.593 +0800 o.s.b.w.s.c.AnnotationConfigServletWebServerApplicationContext:[591] - Exception encountered during context initialization - cancelling refresh attempt: org.springframework.beans.factory.BeanDefinitionStoreException: Failed to parse configuration class [org.apache.dolphinscheduler.StandaloneServer]; nested exception is java.lang.IllegalStateException: java.io.FileNotFoundException: class path resource [task-type-config.yaml] cannot be opened because it does not exist
[INFO] 2025-10-13 09:59:18.596 +0800 o.s.b.a.l.ConditionEvaluationReportLoggingListener:[136] - 

Error starting ApplicationContext. To display the conditions report re-run your application with 'debug' enabled.
[ERROR] 2025-10-13 09:59:18.633 +0800 o.s.b.SpringApplication:[824] - Application run failed
org.springframework.beans.factory.BeanDefinitionStoreException: Failed to parse configuration class [org.apache.dolphinscheduler.StandaloneServer]; nested exception is java.lang.IllegalStateException: java.io.FileNotFoundException: class path resource [task-type-config.yaml] cannot be opened because it does not exist
	at org.springframework.context.annotation.ConfigurationClassParser.parse(ConfigurationClassParser.java:189)
	at org.springframework.context.annotation.ConfigurationClassPostProcessor.processConfigBeanDefinitions(ConfigurationClassPostProcessor.java:331)
	at org.springframework.context.annotation.ConfigurationClassPostProcessor.postProcessBeanDefinitionRegistry(ConfigurationClassPostProcessor.java:247)
	at org.springframework.context.support.PostProcessorRegistrationDelegate.invokeBeanDefinitionRegistryPostProcessors(PostProcessorRegistrationDelegate.java:311)
	at org.springframework.context.support.PostProcessorRegistrationDelegate.invokeBeanFactoryPostProcessors(PostProcessorRegistrationDelegate.java:112)
	at org.springframework.context.support.AbstractApplicationContext.invokeBeanFactoryPostProcessors(AbstractApplicationContext.java:746)
	at org.springframework.context.support.AbstractApplicationContext.refresh(AbstractApplicationContext.java:564)
	at org.springframework.boot.web.servlet.context.ServletWebServerApplicationContext.refresh(ServletWebServerApplicationContext.java:147)
	at org.springframework.boot.SpringApplication.refresh(SpringApplication.java:734)
	at org.springframework.boot.SpringApplication.refreshContext(SpringApplication.java:408)
	at org.springframework.boot.SpringApplication.run(SpringApplication.java:308)
	at org.springframework.boot.SpringApplication.run(SpringApplication.java:1306)
	at org.springframework.boot.SpringApplication.run(SpringApplication.java:1295)
	at org.apache.dolphinscheduler.StandaloneServer.main(StandaloneServer.java:37)
	at org.codehaus.mojo.exec.ExecJavaMojo$1.run(ExecJavaMojo.java:254)
	at java.base/java.lang.Thread.run(Thread.java:829)
Caused by: java.lang.IllegalStateException: java.io.FileNotFoundException: class path resource [task-type-config.yaml] cannot be opened because it does not exist
	at org.springframework.beans.factory.config.YamlProcessor.handleProcessError(YamlProcessor.java:221)
	at org.springframework.beans.factory.config.YamlProcessor.process(YamlProcessor.java:213)
	at org.springframework.beans.factory.config.YamlProcessor.process(YamlProcessor.java:166)
	at org.springframework.beans.factory.config.YamlPropertiesFactoryBean.createProperties(YamlPropertiesFactoryBean.java:135)
	at org.springframework.beans.factory.config.YamlPropertiesFactoryBean.afterPropertiesSet(YamlPropertiesFactoryBean.java:108)
	at org.apache.dolphinscheduler.common.config.YamlPropertySourceFactory.loadYamlIntoProperties(YamlPropertySourceFactory.java:41)
	at org.apache.dolphinscheduler.common.config.YamlPropertySourceFactory.createPropertySource(YamlPropertySourceFactory.java:33)
	at org.springframework.context.annotation.ConfigurationClassParser.processPropertySource(ConfigurationClassParser.java:463)
	at org.springframework.context.annotation.ConfigurationClassParser.doProcessConfigurationClass(ConfigurationClassParser.java:280)
	at org.springframework.context.annotation.ConfigurationClassParser.processConfigurationClass(ConfigurationClassParser.java:250)
	at org.springframework.context.annotation.ConfigurationClassParser.parse(ConfigurationClassParser.java:199)
	at org.springframework.context.annotation.ConfigurationClassParser.doProcessConfigurationClass(ConfigurationClassParser.java:304)
	at org.springframework.context.annotation.ConfigurationClassParser.processConfigurationClass(ConfigurationClassParser.java:250)
	at org.springframework.context.annotation.ConfigurationClassParser.parse(ConfigurationClassParser.java:207)
	at org.springframework.context.annotation.ConfigurationClassParser.parse(ConfigurationClassParser.java:175)
	... 15 common frames omitted
Caused by: java.io.FileNotFoundException: class path resource [task-type-config.yaml] cannot be opened because it does not exist
	at org.springframework.core.io.ClassPathResource.getInputStream(ClassPathResource.java:199)
	at org.springframework.beans.factory.config.YamlProcessor.process(YamlProcessor.java:197)
	... 28 common frames omitted
[ERROR] 2025-10-13 09:59:18.633 +0800 o.a.d.StandaloneServer:[39] - StandaloneServer start failed
org.springframework.beans.factory.BeanDefinitionStoreException: Failed to parse configuration class [org.apache.dolphinscheduler.StandaloneServer]; nested exception is java.lang.IllegalStateException: java.io.FileNotFoundException: class path resource [task-type-config.yaml] cannot be opened because it does not exist
	at org.springframework.context.annotation.ConfigurationClassParser.parse(ConfigurationClassParser.java:189)
	at org.springframework.context.annotation.ConfigurationClassPostProcessor.processConfigBeanDefinitions(ConfigurationClassPostProcessor.java:331)
	at org.springframework.context.annotation.ConfigurationClassPostProcessor.postProcessBeanDefinitionRegistry(ConfigurationClassPostProcessor.java:247)
	at org.springframework.context.support.PostProcessorRegistrationDelegate.invokeBeanDefinitionRegistryPostProcessors(PostProcessorRegistrationDelegate.java:311)
	at org.springframework.context.support.PostProcessorRegistrationDelegate.invokeBeanFactoryPostProcessors(PostProcessorRegistrationDelegate.java:112)
	at org.springframework.context.support.AbstractApplicationContext.invokeBeanFactoryPostProcessors(AbstractApplicationContext.java:746)
	at org.springframework.context.support.AbstractApplicationContext.refresh(AbstractApplicationContext.java:564)
	at org.springframework.boot.web.servlet.context.ServletWebServerApplicationContext.refresh(ServletWebServerApplicationContext.java:147)
	at org.springframework.boot.SpringApplication.refresh(SpringApplication.java:734)
	at org.springframework.boot.SpringApplication.refreshContext(SpringApplication.java:408)
	at org.springframework.boot.SpringApplication.run(SpringApplication.java:308)
	at org.springframework.boot.SpringApplication.run(SpringApplication.java:1306)
	at org.springframework.boot.SpringApplication.run(SpringApplication.java:1295)
	at org.apache.dolphinscheduler.StandaloneServer.main(StandaloneServer.java:37)
	at org.codehaus.mojo.exec.ExecJavaMojo$1.run(ExecJavaMojo.java:254)
	at java.base/java.lang.Thread.run(Thread.java:829)
Caused by: java.lang.IllegalStateException: java.io.FileNotFoundException: class path resource [task-type-config.yaml] cannot be opened because it does not exist
	at org.springframework.beans.factory.config.YamlProcessor.handleProcessError(YamlProcessor.java:221)
	at org.springframework.beans.factory.config.YamlProcessor.process(YamlProcessor.java:213)
	at org.springframework.beans.factory.config.YamlProcessor.process(YamlProcessor.java:166)
	at org.springframework.beans.factory.config.YamlPropertiesFactoryBean.createProperties(YamlPropertiesFactoryBean.java:135)
	at org.springframework.beans.factory.config.YamlPropertiesFactoryBean.afterPropertiesSet(YamlPropertiesFactoryBean.java:108)
	at org.apache.dolphinscheduler.common.config.YamlPropertySourceFactory.loadYamlIntoProperties(YamlPropertySourceFactory.java:41)
	at org.apache.dolphinscheduler.common.config.YamlPropertySourceFactory.createPropertySource(YamlPropertySourceFactory.java:33)
	at org.springframework.context.annotation.ConfigurationClassParser.processPropertySource(ConfigurationClassParser.java:463)
	at org.springframework.context.annotation.ConfigurationClassParser.doProcessConfigurationClass(ConfigurationClassParser.java:280)
	at org.springframework.context.annotation.ConfigurationClassParser.processConfigurationClass(ConfigurationClassParser.java:250)
	at org.springframework.context.annotation.ConfigurationClassParser.parse(ConfigurationClassParser.java:199)
	at org.springframework.context.annotation.ConfigurationClassParser.doProcessConfigurationClass(ConfigurationClassParser.java:304)
	at org.springframework.context.annotation.ConfigurationClassParser.processConfigurationClass(ConfigurationClassParser.java:250)
	at org.springframework.context.annotation.ConfigurationClassParser.parse(ConfigurationClassParser.java:207)
	at org.springframework.context.annotation.ConfigurationClassParser.parse(ConfigurationClassParser.java:175)
	... 15 common frames omitted
Caused by: java.io.FileNotFoundException: class path resource [task-type-config.yaml] cannot be opened because it does not exist
	at org.springframework.core.io.ClassPathResource.getInputStream(ClassPathResource.java:199)
	at org.springframework.beans.factory.config.YamlProcessor.process(YamlProcessor.java:197)
	... 28 common frames omitted
